/media/rccyuvyu/Data/share/c/c/Microcomputer/STM32/RM/damiao_mc02_bsp/dm02_mouse_test/User_File/1_Middleware/Algorithm/Matrix/alg_matrix.h:37:5:Class_Matrix_f32<row, column>::Class_Matrix_f32() [with int row = 4; int column = 1]	0	static
/media/rccyuvyu/Data/share/c/c/Microcomputer/STM32/RM/damiao_mc02_bsp/dm02_mouse_test/User_File/1_Middleware/Algorithm/Quaternion/alg_quaternion.cpp:25:22:Class_Quaternion_f32 Namespace_ALG_Quaternion::Zero()	8	static
/media/rccyuvyu/Data/share/c/c/Microcomputer/STM32/RM/damiao_mc02_bsp/dm02_mouse_test/User_File/1_Middleware/Algorithm/Quaternion/alg_quaternion.cpp:39:22:Class_Quaternion_f32 Namespace_ALG_Quaternion::Unit_Real()	8	static
/media/rccyuvyu/Data/share/c/c/Microcomputer/STM32/RM/damiao_mc02_bsp/dm02_mouse_test/User_File/1_Middleware/Algorithm/Quaternion/alg_quaternion.cpp:53:22:Class_Quaternion_f32 Namespace_ALG_Quaternion::Unit_Imaginary_X()	8	static
/media/rccyuvyu/Data/share/c/c/Microcomputer/STM32/RM/damiao_mc02_bsp/dm02_mouse_test/User_File/1_Middleware/Algorithm/Quaternion/alg_quaternion.cpp:67:22:Class_Quaternion_f32 Namespace_ALG_Quaternion::Unit_Imaginary_Y()	8	static
/media/rccyuvyu/Data/share/c/c/Microcomputer/STM32/RM/damiao_mc02_bsp/dm02_mouse_test/User_File/1_Middleware/Algorithm/Quaternion/alg_quaternion.cpp:81:22:Class_Quaternion_f32 Namespace_ALG_Quaternion::Unit_Imaginary_Z()	8	static
/media/rccyuvyu/Data/share/c/c/Microcomputer/STM32/RM/damiao_mc02_bsp/dm02_mouse_test/User_File/1_Middleware/Algorithm/Quaternion/alg_quaternion.cpp:96:22:Class_Quaternion_f32 Namespace_ALG_Quaternion::From_Vector(const Class_Matrix_f32<3, 1>&)	16	static
/media/rccyuvyu/Data/share/c/c/Microcomputer/STM32/RM/damiao_mc02_bsp/dm02_mouse_test/User_File/1_Middleware/Algorithm/Quaternion/alg_quaternion.cpp:176:22:Class_Quaternion_f32 Namespace_ALG_Quaternion::From_Axis_Angle(const Class_Matrix_f32<3, 1>&, const float&)	24	static
/media/rccyuvyu/Data/share/c/c/Microcomputer/STM32/RM/damiao_mc02_bsp/dm02_mouse_test/User_File/1_Middleware/Algorithm/Quaternion/alg_quaternion.cpp:112:22:Class_Quaternion_f32 Namespace_ALG_Quaternion::From_Rotation_Matrix(const Class_Matrix_f32<3, 3>&)	32	static
