/media/rccyuvyu/Data/share/c/c/Microcomputer/STM32/RM/damiao_mc02_bsp/dm02_mouse_test/User_File/1_Middleware/Algorithm/PID/alg_pid.h:37:7:Class_PID::Class_PID()	0	static
/media/rccyuvyu/Data/share/c/c/Microcomputer/STM32/RM/damiao_mc02_bsp/dm02_mouse_test/User_File/2_Device/BSP/BMI088/bsp_bmi088.cpp:32:6:void Class_BMI088::Init()	16	static
/media/rccyuvyu/Data/share/c/c/Microcomputer/STM32/RM/damiao_mc02_bsp/dm02_mouse_test/User_File/2_Device/BSP/BMI088/bsp_bmi088.cpp:49:6:void Class_BMI088::SPI_RxCpltCallback()	8	static
/media/rccyuvyu/Data/share/c/c/Microcomputer/STM32/RM/damiao_mc02_bsp/dm02_mouse_test/User_File/2_Device/BSP/BMI088/bsp_bmi088.cpp:87:6:void Class_BMI088::EXTI_Flag_Callback(uint16_t)	8	static
/media/rccyuvyu/Data/share/c/c/Microcomputer/STM32/RM/damiao_mc02_bsp/dm02_mouse_test/User_File/2_Device/BSP/BMI088/bsp_bmi088.cpp:105:6:void Class_BMI088::TIM_128ms_Calculate_PeriodElapsedCallback()	8	static
/media/rccyuvyu/Data/share/c/c/Microcomputer/STM32/RM/damiao_mc02_bsp/dm02_mouse_test/User_File/2_Device/BSP/BMI088/bsp_bmi088.cpp:249:6:void Class_BMI088::TIM_10us_Calculate_PeriodElapsedCallback()	8	static
/media/rccyuvyu/Data/share/c/c/Microcomputer/STM32/RM/damiao_mc02_bsp/dm02_mouse_test/User_File/1_Middleware/Algorithm/Matrix/alg_matrix.h:51:5:Class_Matrix_f32<row, column>::Class_Matrix_f32(const Class_Matrix_f32<row, column>&) [with int row = 3; int column = 1]	4	static
/media/rccyuvyu/Data/share/c/c/Microcomputer/STM32/RM/damiao_mc02_bsp/dm02_mouse_test/User_File/1_Middleware/Algorithm/Matrix/alg_matrix.h:37:5:Class_Matrix_f32<row, column>::Class_Matrix_f32() [with int row = 4; int column = 1]	0	static
/media/rccyuvyu/Data/share/c/c/Microcomputer/STM32/RM/damiao_mc02_bsp/dm02_mouse_test/User_File/1_Middleware/Algorithm/Quaternion/alg_quaternion.h:448:31:Class_Matrix_f32<4, 1> Class_Quaternion_f32::Get_Axis_Angle() const	40	static
/media/rccyuvyu/Data/share/c/c/Microcomputer/STM32/RM/damiao_mc02_bsp/dm02_mouse_test/User_File/1_Middleware/Algorithm/Matrix/alg_matrix.h:45:5:Class_Matrix_f32<row, column>::Class_Matrix_f32(const float*) [with int row = 3; int column = 1]	4	static
/media/rccyuvyu/Data/share/c/c/Microcomputer/STM32/RM/damiao_mc02_bsp/dm02_mouse_test/User_File/1_Middleware/Algorithm/Matrix/alg_matrix.h:37:5:Class_Matrix_f32<row, column>::Class_Matrix_f32() [with int row = 3; int column = 1]	0	static
/media/rccyuvyu/Data/share/c/c/Microcomputer/STM32/RM/damiao_mc02_bsp/dm02_mouse_test/User_File/2_Device/BSP/BMI088/Accel/bsp_bmi088_accel.h:44:7:Class_BMI088_Accel::Class_BMI088_Accel()	24	static
/media/rccyuvyu/Data/share/c/c/Microcomputer/STM32/RM/damiao_mc02_bsp/dm02_mouse_test/User_File/2_Device/BSP/BMI088/Gyro/bsp_bmi088_gyro.h:43:7:Class_BMI088_Gyro::Class_BMI088_Gyro()	8	static
/media/rccyuvyu/Data/share/c/c/Microcomputer/STM32/RM/damiao_mc02_bsp/dm02_mouse_test/User_File/1_Middleware/Algorithm/Quaternion/alg_quaternion.h:342:31:Class_Matrix_f32<3, 1> Class_Quaternion_f32::Get_Euler_Angle() const	40	static
/media/rccyuvyu/Data/share/c/c/Microcomputer/STM32/RM/damiao_mc02_bsp/dm02_mouse_test/User_File/2_Device/BSP/BMI088/bsp_bmi088.cpp:414:24:static Class_Matrix_f32<3, 1> Class_BMI088::EKF_Function_H(const Class_Matrix_f32<4, 1>&, const float&)	16	static
/media/rccyuvyu/Data/share/c/c/Microcomputer/STM32/RM/damiao_mc02_bsp/dm02_mouse_test/User_File/1_Middleware/Algorithm/Matrix/alg_matrix.h:57:5:Class_Matrix_f32<row, column>::Class_Matrix_f32(Class_Matrix_f32<row, column>&&) [with int row = 3; int column = 1]	4	static
/media/rccyuvyu/Data/share/c/c/Microcomputer/STM32/RM/damiao_mc02_bsp/dm02_mouse_test/User_File/1_Middleware/Algorithm/Matrix/alg_matrix.h:37:5:Class_Matrix_f32<row, column>::Class_Matrix_f32() [with int row = 4; int column = 4]	8	static
/media/rccyuvyu/Data/share/c/c/Microcomputer/STM32/RM/damiao_mc02_bsp/dm02_mouse_test/User_File/1_Middleware/Algorithm/Matrix/alg_matrix.h:37:5:Class_Matrix_f32<row, column>::Class_Matrix_f32() [with int row = 3; int column = 3]	8	static
/media/rccyuvyu/Data/share/c/c/Microcomputer/STM32/RM/damiao_mc02_bsp/dm02_mouse_test/User_File/1_Middleware/Algorithm/Matrix/alg_matrix.h:692:31:Class_Matrix_f32<row, column> Namespace_ALG_Matrix::Identity() [with int row = 3; int column = 3]	8	static
/media/rccyuvyu/Data/share/c/c/Microcomputer/STM32/RM/damiao_mc02_bsp/dm02_mouse_test/User_File/2_Device/BSP/BMI088/bsp_bmi088.cpp:457:24:static Class_Matrix_f32<3, 3> Class_BMI088::EKF_Function_Jacobian_H_V(const Class_Matrix_f32<4, 1>&, const float&)	8	static
/media/rccyuvyu/Data/share/c/c/Microcomputer/STM32/RM/damiao_mc02_bsp/dm02_mouse_test/User_File/1_Middleware/Algorithm/Matrix/alg_matrix.h:57:5:Class_Matrix_f32<row, column>::Class_Matrix_f32(Class_Matrix_f32<row, column>&&) [with int row = 3; int column = 3]	16	static
/media/rccyuvyu/Data/share/c/c/Microcomputer/STM32/RM/damiao_mc02_bsp/dm02_mouse_test/User_File/1_Middleware/Algorithm/Quaternion/alg_quaternion.h:408:31:Class_Matrix_f32<3, 3> Class_Quaternion_f32::Get_Rotation_Matrix() const	72	static
/media/rccyuvyu/Data/share/c/c/Microcomputer/STM32/RM/damiao_mc02_bsp/dm02_mouse_test/User_File/1_Middleware/Algorithm/Matrix/alg_matrix.h:692:31:Class_Matrix_f32<row, column> Namespace_ALG_Matrix::Identity() [with int row = 4; int column = 4]	8	static
/media/rccyuvyu/Data/share/c/c/Microcomputer/STM32/RM/damiao_mc02_bsp/dm02_mouse_test/User_File/1_Middleware/Algorithm/Matrix/alg_matrix.h:678:31:Class_Matrix_f32<row, column> Namespace_ALG_Matrix::Zero() [with int row = 4; int column = 4]	8	static
/media/rccyuvyu/Data/share/c/c/Microcomputer/STM32/RM/damiao_mc02_bsp/dm02_mouse_test/User_File/1_Middleware/Algorithm/Matrix/alg_matrix.h:37:5:Class_Matrix_f32<row, column>::Class_Matrix_f32() [with int row = 4; int column = 3]	8	static
/media/rccyuvyu/Data/share/c/c/Microcomputer/STM32/RM/damiao_mc02_bsp/dm02_mouse_test/User_File/1_Middleware/Algorithm/Filter/EKF/alg_filter_ekf.h:38:7:Class_Filter_EKF<4, 3, 3>::Class_Filter_EKF()	8	static
/media/rccyuvyu/Data/share/c/c/Microcomputer/STM32/RM/damiao_mc02_bsp/dm02_mouse_test/User_File/2_Device/BSP/BMI088/bsp_bmi088.h:30:7:Class_BMI088::Class_BMI088()	24	static
/media/rccyuvyu/Data/share/c/c/Microcomputer/STM32/RM/damiao_mc02_bsp/dm02_mouse_test/User_File/2_Device/BSP/BMI088/bsp_bmi088.cpp:479:1:void __static_initialization_and_destruction_0()	8	static
/media/rccyuvyu/Data/share/c/c/Microcomputer/STM32/RM/damiao_mc02_bsp/dm02_mouse_test/User_File/2_Device/BSP/BMI088/bsp_bmi088.cpp:385:24:static Class_Matrix_f32<4, 3> Class_BMI088::EKF_Function_Jacobian_F_W(const Class_Matrix_f32<4, 1>&, const Class_Matrix_f32<3, 1>&, const float&)	120	static
/media/rccyuvyu/Data/share/c/c/Microcomputer/STM32/RM/damiao_mc02_bsp/dm02_mouse_test/User_File/1_Middleware/Algorithm/Matrix/alg_matrix.h:45:5:Class_Matrix_f32<row, column>::Class_Matrix_f32(const float*) [with int row = 3; int column = 3]	16	static
/media/rccyuvyu/Data/share/c/c/Microcomputer/STM32/RM/damiao_mc02_bsp/dm02_mouse_test/User_File/1_Middleware/Algorithm/Matrix/alg_matrix.h:168:39:Class_Matrix_f32<row, tmp> Class_Matrix_f32<row, column>::operator*(const Class_Matrix_f32<column, tmp>&) [with int tmp = 1; int row = 3; int column = 3]	16	static
/media/rccyuvyu/Data/share/c/c/Microcomputer/STM32/RM/damiao_mc02_bsp/dm02_mouse_test/User_File/1_Middleware/Algorithm/Matrix/alg_matrix.h:187:42:Class_Matrix_f32<row, column> Class_Matrix_f32<row, column>::operator/(const float&) const [with int row = 3; int column = 1]	32	static
/media/rccyuvyu/Data/share/c/c/Microcomputer/STM32/RM/damiao_mc02_bsp/dm02_mouse_test/User_File/1_Middleware/Algorithm/Matrix/alg_matrix.h:107:42:Class_Matrix_f32<row, column> Class_Matrix_f32<row, column>::operator+(const Class_Matrix_f32<row, column>&) const [with int row = 3; int column = 1]	16	static
/media/rccyuvyu/Data/share/c/c/Microcomputer/STM32/RM/damiao_mc02_bsp/dm02_mouse_test/User_File/1_Middleware/Algorithm/Matrix/alg_matrix.h:611:72:std::enable_if_t<(tmp_column == 1), Class_Matrix_f32<tmp_row, 1> > Class_Matrix_f32<row, column>::Get_Normalization() const [with int tmp_row = 3; int tmp_column = 1; int row = 3; int column = 1]	16	static
/media/rccyuvyu/Data/share/c/c/Microcomputer/STM32/RM/damiao_mc02_bsp/dm02_mouse_test/User_File/1_Middleware/Algorithm/Matrix/alg_matrix.h:611:72:std::enable_if_t<(tmp_column == 1), Class_Matrix_f32<tmp_row, 1> > Class_Matrix_f32<row, column>::Get_Normalization() const [with int tmp_row = 4; int tmp_column = 1; int row = 4; int column = 1]	16	static
/media/rccyuvyu/Data/share/c/c/Microcomputer/STM32/RM/damiao_mc02_bsp/dm02_mouse_test/User_File/1_Middleware/Algorithm/Matrix/alg_matrix.h:678:31:Class_Matrix_f32<row, column> Namespace_ALG_Matrix::Zero() [with int row = 3; int column = 1]	8	static
/media/rccyuvyu/Data/share/c/c/Microcomputer/STM32/RM/damiao_mc02_bsp/dm02_mouse_test/User_File/1_Middleware/Algorithm/Filter/EKF/alg_filter_ekf.h:136:6:void Class_Filter_EKF<State_Dimension, Input_Dimension, Measurement_Dimension>::Init(const Class_Matrix_f32<Input_Dimension, Input_Dimension>&, const Class_Matrix_f32<Measurement_Dimension, Measurement_Dimension>&, const Class_Matrix_f32<State_Dimension, State_Dimension>&, const Class_Matrix_f32<State_Dimension, 1>&, const Class_Matrix_f32<Input_Dimension, 1>&) [with long unsigned int State_Dimension = 4; long unsigned int Input_Dimension = 3; long unsigned int Measurement_Dimension = 3]	28	static
/media/rccyuvyu/Data/share/c/c/Microcomputer/STM32/RM/damiao_mc02_bsp/dm02_mouse_test/User_File/1_Middleware/Algorithm/Filter/EKF/alg_filter_ekf.h:197:6:void Class_Filter_EKF<State_Dimension, Input_Dimension, Measurement_Dimension>::Set_D_T(const float&) [with long unsigned int State_Dimension = 4; long unsigned int Input_Dimension = 3; long unsigned int Measurement_Dimension = 3]	0	static
/media/rccyuvyu/Data/share/c/c/Microcomputer/STM32/RM/damiao_mc02_bsp/dm02_mouse_test/User_File/1_Middleware/Algorithm/Matrix/alg_matrix.h:414:38:Class_Matrix_f32<column, row> Class_Matrix_f32<row, column>::Get_Transpose() const [with int row = 3; int column = 3]	16	static
/media/rccyuvyu/Data/share/c/c/Microcomputer/STM32/RM/damiao_mc02_bsp/dm02_mouse_test/User_File/1_Middleware/Algorithm/Matrix/alg_matrix.h:168:39:Class_Matrix_f32<row, tmp> Class_Matrix_f32<row, column>::operator*(const Class_Matrix_f32<column, tmp>&) [with int tmp = 1; int row = 4; int column = 4]	16	static
/media/rccyuvyu/Data/share/c/c/Microcomputer/STM32/RM/damiao_mc02_bsp/dm02_mouse_test/User_File/1_Middleware/Algorithm/Matrix/alg_matrix.h:107:42:Class_Matrix_f32<row, column> Class_Matrix_f32<row, column>::operator+(const Class_Matrix_f32<row, column>&) const [with int row = 4; int column = 1]	16	static
/media/rccyuvyu/Data/share/c/c/Microcomputer/STM32/RM/damiao_mc02_bsp/dm02_mouse_test/User_File/2_Device/BSP/BMI088/bsp_bmi088.cpp:318:24:static Class_Matrix_f32<4, 1> Class_BMI088::EKF_Function_F(const Class_Matrix_f32<4, 1>&, const Class_Matrix_f32<3, 1>&, const float&)	192	static
/media/rccyuvyu/Data/share/c/c/Microcomputer/STM32/RM/damiao_mc02_bsp/dm02_mouse_test/User_File/1_Middleware/Algorithm/Matrix/alg_matrix.h:107:42:Class_Matrix_f32<row, column> Class_Matrix_f32<row, column>::operator+(const Class_Matrix_f32<row, column>&) const [with int row = 4; int column = 4]	16	static
/media/rccyuvyu/Data/share/c/c/Microcomputer/STM32/RM/damiao_mc02_bsp/dm02_mouse_test/User_File/2_Device/BSP/BMI088/bsp_bmi088.cpp:352:24:static Class_Matrix_f32<4, 4> Class_BMI088::EKF_Function_Jacobian_F_X(const Class_Matrix_f32<4, 1>&, const Class_Matrix_f32<3, 1>&, const float&)	280	static
/media/rccyuvyu/Data/share/c/c/Microcomputer/STM32/RM/damiao_mc02_bsp/dm02_mouse_test/User_File/1_Middleware/Algorithm/Matrix/alg_matrix.h:37:5:Class_Matrix_f32<row, column>::Class_Matrix_f32() [with int row = 3; int column = 4]	8	static
/media/rccyuvyu/Data/share/c/c/Microcomputer/STM32/RM/damiao_mc02_bsp/dm02_mouse_test/User_File/2_Device/BSP/BMI088/bsp_bmi088.cpp:430:24:static Class_Matrix_f32<3, 4> Class_BMI088::EKF_Function_Jacobian_H_X(const Class_Matrix_f32<4, 1>&, const float&)	16	static
/media/rccyuvyu/Data/share/c/c/Microcomputer/STM32/RM/damiao_mc02_bsp/dm02_mouse_test/User_File/1_Middleware/Algorithm/Matrix/alg_matrix.h:137:42:Class_Matrix_f32<row, column> Class_Matrix_f32<row, column>::operator-(const Class_Matrix_f32<row, column>&) const [with int row = 3; int column = 1]	16	static
/media/rccyuvyu/Data/share/c/c/Microcomputer/STM32/RM/damiao_mc02_bsp/dm02_mouse_test/User_File/1_Middleware/Algorithm/Matrix/alg_matrix.h:168:39:Class_Matrix_f32<row, tmp> Class_Matrix_f32<row, column>::operator*(const Class_Matrix_f32<column, tmp>&) [with int tmp = 4; int row = 3; int column = 4]	24	static
/media/rccyuvyu/Data/share/c/c/Microcomputer/STM32/RM/damiao_mc02_bsp/dm02_mouse_test/User_File/1_Middleware/Algorithm/Matrix/alg_matrix.h:414:38:Class_Matrix_f32<column, row> Class_Matrix_f32<row, column>::Get_Transpose() const [with int row = 3; int column = 4]	16	static
/media/rccyuvyu/Data/share/c/c/Microcomputer/STM32/RM/damiao_mc02_bsp/dm02_mouse_test/User_File/1_Middleware/Algorithm/Matrix/alg_matrix.h:168:39:Class_Matrix_f32<row, tmp> Class_Matrix_f32<row, column>::operator*(const Class_Matrix_f32<column, tmp>&) [with int tmp = 3; int row = 3; int column = 4]	24	static
/media/rccyuvyu/Data/share/c/c/Microcomputer/STM32/RM/damiao_mc02_bsp/dm02_mouse_test/User_File/1_Middleware/Algorithm/Matrix/alg_matrix.h:107:42:Class_Matrix_f32<row, column> Class_Matrix_f32<row, column>::operator+(const Class_Matrix_f32<row, column>&) const [with int row = 3; int column = 3]	16	static
/media/rccyuvyu/Data/share/c/c/Microcomputer/STM32/RM/damiao_mc02_bsp/dm02_mouse_test/User_File/1_Middleware/Algorithm/Matrix/alg_matrix.h:168:39:Class_Matrix_f32<row, tmp> Class_Matrix_f32<row, column>::operator*(const Class_Matrix_f32<column, tmp>&) [with int tmp = 1; int row = 1; int column = 3]	12	static
/media/rccyuvyu/Data/share/c/c/Microcomputer/STM32/RM/damiao_mc02_bsp/dm02_mouse_test/User_File/1_Middleware/Algorithm/Matrix/alg_matrix.h:168:39:Class_Matrix_f32<row, tmp> Class_Matrix_f32<row, column>::operator*(const Class_Matrix_f32<column, tmp>&) [with int tmp = 4; int row = 4; int column = 4]	24	static
/media/rccyuvyu/Data/share/c/c/Microcomputer/STM32/RM/damiao_mc02_bsp/dm02_mouse_test/User_File/1_Middleware/Algorithm/Matrix/alg_matrix.h:414:38:Class_Matrix_f32<column, row> Class_Matrix_f32<row, column>::Get_Transpose() const [with int row = 4; int column = 4]	16	static
/media/rccyuvyu/Data/share/c/c/Microcomputer/STM32/RM/damiao_mc02_bsp/dm02_mouse_test/User_File/1_Middleware/Algorithm/Matrix/alg_matrix.h:168:39:Class_Matrix_f32<row, tmp> Class_Matrix_f32<row, column>::operator*(const Class_Matrix_f32<column, tmp>&) [with int tmp = 3; int row = 4; int column = 3]	24	static
/media/rccyuvyu/Data/share/c/c/Microcomputer/STM32/RM/damiao_mc02_bsp/dm02_mouse_test/User_File/1_Middleware/Algorithm/Matrix/alg_matrix.h:414:38:Class_Matrix_f32<column, row> Class_Matrix_f32<row, column>::Get_Transpose() const [with int row = 4; int column = 3]	16	static
/media/rccyuvyu/Data/share/c/c/Microcomputer/STM32/RM/damiao_mc02_bsp/dm02_mouse_test/User_File/1_Middleware/Algorithm/Matrix/alg_matrix.h:168:39:Class_Matrix_f32<row, tmp> Class_Matrix_f32<row, column>::operator*(const Class_Matrix_f32<column, tmp>&) [with int tmp = 4; int row = 4; int column = 3]	24	static
/media/rccyuvyu/Data/share/c/c/Microcomputer/STM32/RM/damiao_mc02_bsp/dm02_mouse_test/User_File/1_Middleware/Algorithm/Filter/EKF/alg_filter_ekf.h:210:6:void Class_Filter_EKF<State_Dimension, Input_Dimension, Measurement_Dimension>::TIM_Predict_PeriodElapsedCallback() [with long unsigned int State_Dimension = 4; long unsigned int Input_Dimension = 3; long unsigned int Measurement_Dimension = 3]	576	static
/media/rccyuvyu/Data/share/c/c/Microcomputer/STM32/RM/damiao_mc02_bsp/dm02_mouse_test/User_File/1_Middleware/Algorithm/Matrix/alg_matrix.h:168:39:Class_Matrix_f32<row, tmp> Class_Matrix_f32<row, column>::operator*(const Class_Matrix_f32<column, tmp>&) [with int tmp = 3; int row = 4; int column = 4]	24	static
/media/rccyuvyu/Data/share/c/c/Microcomputer/STM32/RM/damiao_mc02_bsp/dm02_mouse_test/User_File/1_Middleware/Algorithm/Matrix/alg_matrix.h:168:39:Class_Matrix_f32<row, tmp> Class_Matrix_f32<row, column>::operator*(const Class_Matrix_f32<column, tmp>&) [with int tmp = 3; int row = 3; int column = 3]	24	static
/media/rccyuvyu/Data/share/c/c/Microcomputer/STM32/RM/damiao_mc02_bsp/dm02_mouse_test/User_File/1_Middleware/Algorithm/Matrix/alg_matrix.h:168:39:Class_Matrix_f32<row, tmp> Class_Matrix_f32<row, column>::operator*(const Class_Matrix_f32<column, tmp>&) [with int tmp = 1; int row = 4; int column = 3]	16	static
/media/rccyuvyu/Data/share/c/c/Microcomputer/STM32/RM/damiao_mc02_bsp/dm02_mouse_test/User_File/1_Middleware/Algorithm/Matrix/alg_matrix.h:137:42:Class_Matrix_f32<row, column> Class_Matrix_f32<row, column>::operator-(const Class_Matrix_f32<row, column>&) const [with int row = 4; int column = 4]	16	static
/media/rccyuvyu/Data/share/c/c/Microcomputer/STM32/RM/damiao_mc02_bsp/dm02_mouse_test/User_File/1_Middleware/Algorithm/Matrix/alg_matrix.h:37:5:Class_Matrix_f32<row, column>::Class_Matrix_f32() [with int row = 1; int column = 3]	0	static
/media/rccyuvyu/Data/share/c/c/Microcomputer/STM32/RM/damiao_mc02_bsp/dm02_mouse_test/User_File/1_Middleware/Algorithm/Matrix/alg_matrix.h:168:39:Class_Matrix_f32<row, tmp> Class_Matrix_f32<row, column>::operator*(const Class_Matrix_f32<column, tmp>&) [with int tmp = 3; int row = 1; int column = 3]	24	static
/media/rccyuvyu/Data/share/c/c/Microcomputer/STM32/RM/damiao_mc02_bsp/dm02_mouse_test/User_File/1_Middleware/Algorithm/Matrix/alg_matrix.h:414:38:Class_Matrix_f32<column, row> Class_Matrix_f32<row, column>::Get_Transpose() const [with int row = 3; int column = 1]	16	static
/media/rccyuvyu/Data/share/c/c/Microcomputer/STM32/RM/damiao_mc02_bsp/dm02_mouse_test/User_File/1_Middleware/Algorithm/Matrix/alg_matrix.h:37:5:Class_Matrix_f32<row, column>::Class_Matrix_f32() [with int row = 3; int column = 6]	8	static
/media/rccyuvyu/Data/share/c/c/Microcomputer/STM32/RM/damiao_mc02_bsp/dm02_mouse_test/User_File/1_Middleware/Algorithm/Matrix/alg_matrix.h:678:31:Class_Matrix_f32<row, column> Namespace_ALG_Matrix::Zero() [with int row = 3; int column = 6]	8	static
/media/rccyuvyu/Data/share/c/c/Microcomputer/STM32/RM/damiao_mc02_bsp/dm02_mouse_test/User_File/1_Middleware/Algorithm/Matrix/alg_matrix.h:497:84:std::enable_if_t<(tmp_row == tmp_column), Class_Matrix_f32<tmp_row, tmp_row> > Class_Matrix_f32<row, column>::Get_Inverse() const [with int tmp_row = 3; int tmp_column = 3; int row = 3; int column = 3]	184	static
/media/rccyuvyu/Data/share/c/c/Microcomputer/STM32/RM/damiao_mc02_bsp/dm02_mouse_test/User_File/1_Middleware/Algorithm/Filter/EKF/alg_filter_ekf.h:235:6:void Class_Filter_EKF<State_Dimension, Input_Dimension, Measurement_Dimension>::TIM_Update_PeriodElapsedCallback() [with long unsigned int State_Dimension = 4; long unsigned int Input_Dimension = 3; long unsigned int Measurement_Dimension = 3]	824	static
/media/rccyuvyu/Data/share/c/c/Microcomputer/STM32/RM/damiao_mc02_bsp/dm02_mouse_test/User_File/2_Device/BSP/BMI088/bsp_bmi088.cpp:466:6:void Class_BMI088::Accel_Chi_Square_Calculate()	344	static
/media/rccyuvyu/Data/share/c/c/Microcomputer/STM32/RM/damiao_mc02_bsp/dm02_mouse_test/User_File/2_Device/BSP/BMI088/bsp_bmi088.cpp:115:6:void Class_BMI088::TIM_125us_Calculate_PeriodElapsedCallback()	552	static
/media/rccyuvyu/Data/share/c/c/Microcomputer/STM32/RM/damiao_mc02_bsp/dm02_mouse_test/User_File/2_Device/BSP/BMI088/bsp_bmi088.cpp:479:1:cpp)	8	static
